
> cybertree-folder-generator@1.0.0 build
> tsc && vite build

The `define` option contains an object with "Path" for "process.env" key. It looks like you may have passed the entire `process.env` object to `define`, which can unintentionally expose all environment variables. This poses a security risk and is discouraged.
[36mvite v7.2.7 [32mbuilding client environment for production...[36m[39m
transforming...
[32m✓[39m 3 modules transformed.
✗ Build failed in 323ms
error during build:
[vite:css] [postcss] It looks like you're trying to use `tailwindcss` directly as a PostCSS plugin. The PostCSS plugin has moved to a separate package, so to continue using Tailwind CSS with PostCSS you'll need to install `@tailwindcss/postcss` and update your PostCSS configuration.
file: C:/Users/meyea/Documents/GitHub/Cybertree Folder Generator/index.css:undefined:NaN
    at lt (C:\Users\meyea\Documents\GitHub\Cybertree Folder Generator\node_modules\tailwindcss\dist\lib.js:38:1643)
    at LazyResult.runOnRoot (C:\Users\meyea\Documents\GitHub\Cybertree Folder Generator\node_modules\postcss\lib\lazy-result.js:361:16)
    at LazyResult.runAsync (C:\Users\meyea\Documents\GitHub\Cybertree Folder Generator\node_modules\postcss\lib\lazy-result.js:290:26)
    at async runPostCSS (file:///C:/Users/meyea/Documents/GitHub/Cybertree%20Folder%20Generator/node_modules/vite/dist/node/chunks/config.js:30144:19)
    at async compilePostCSS (file:///C:/Users/meyea/Documents/GitHub/Cybertree%20Folder%20Generator/node_modules/vite/dist/node/chunks/config.js:30128:6)
    at async compileCSS (file:///C:/Users/meyea/Documents/GitHub/Cybertree%20Folder%20Generator/node_modules/vite/dist/node/chunks/config.js:30058:26)
    at async Object.handler (file:///C:/Users/meyea/Documents/GitHub/Cybertree%20Folder%20Generator/node_modules/vite/dist/node/chunks/config.js:29591:54)
    at async transform (file:///C:/Users/meyea/Documents/GitHub/Cybertree%20Folder%20Generator/node_modules/rollup/dist/es/shared/node-entry.js:21163:16)
    at async ModuleLoader.addModuleSource (file:///C:/Users/meyea/Documents/GitHub/Cybertree%20Folder%20Generator/node_modules/rollup/dist/es/shared/node-entry.js:21377:36)
